FC              = mpiifx
FC77            = mpiifx
LD              = mpiifx
CC              = mpiicx
AR              = ar
MOD_ESMF        = /apps/leuven/rocky8/icelake/2023b/software/ESMF/8.6.1-intel-2023b/mod
LIB_ESMF        = /apps/leuven/rocky8/icelake/2023b/software/ESMF/8.6.1-intel-2023b/lib
INC_JPEG2000      = /apps/leuven/rocky8/icelake/2023b/software/JasPer/4.0.0-GCCcore-13.2.0/include/
LIB_JPEG2000      = /apps/leuven/rocky8/icelake/2023b/software/JasPer/4.0.0-GCCcore-13.2.0/lib64/
INC_ECCODES     = /apps/leuven/rocky8/icelake/2023b/software/ecCodes/2.31.0-iimpi-2023b/include/
LIB_ECCODES     = /apps/leuven/rocky8/icelake/2023b/software/ecCodes/2.31.0-iimpi-2023b/lib/
INC_NETCDF      = /apps/leuven/rocky8/icelake/2023b/software/netCDF/4.9.2-iimpi-2023b/include/
LIB_NETCDF      = /apps/leuven/rocky8/icelake/2023b/software/netCDF/4.9.2-iimpi-2023b/lib/
INC_HDF4        = 
LIB_HDF4        = 
INC_HDF5        = /apps/leuven/rocky8/icelake/2023b/software/HDF5/1.14.3-iimpi-2023b/include/
LIB_HDF5        = /apps/leuven/rocky8/icelake/2023b/software/HDF5/1.14.3-iimpi-2023b/lib/
INC_HDFEOS      = 
LIB_HDFEOS      = 
LIB_MINPACK     = 
INC_CRTM        = 
LIB_CRTM        = 
INC_PROF_UTIL   = 
LIB_PROF_UTIL   = 
INC_CMEM        = 
LIB_CMEM        = 
LIB_LAPACK      = 
INC_PETSC       = 
LIB_PETSC       = 
CFLAGS          = -c  -O3 -fp-model precise -traceback -DIFC -DLINUX -DLIS_JULES
FFLAGS77        = -c  -O3 -fp-model precise -traceback -nomixed-str-len-arg -names lowercase -convert big_endian -assume byterecl -DSPMD -DHIDE_SHR_MSG -DNO_SHR_VMATH -DIFC -DLINUX -I$(MOD_ESMF) -DUSE_INCLUDE_MPI -I$(INC_ECCODES) -I$(INC_NETCDF) -I$(INC_HDF5) -DLIS_JULES
FFLAGS          = -c  -O3 -fp-model precise -u -traceback -fpe0 -nomixed-str-len-arg -names lowercase -convert big_endian -assume byterecl -DSPMD -DHIDE_SHR_MSG -DNO_SHR_VMATH -DIFC -DLINUX -I$(MOD_ESMF) -DUSE_INCLUDE_MPI -I$(INC_ECCODES) -I$(INC_NETCDF) -I$(INC_HDF5) -DLIS_JULES
LDFLAGS         =  -L$(LIB_ESMF) -Wl,-rpath=$(LIB_ESMF) -lesmf -lstdc++ -limf -lrt -lmpi -L$(LIB_ECCODES) -Wl,-rpath=$(LIB_ECCODES) -leccodes_f90 -leccodes -L$(LIB_JPEG2000) -Wl,-rpath=$(LIB_JPEG2000) -ljasper -L$(LIB_NETCDF) -Wl,-rpath=$(LIB_NETCDF) -lnetcdff -lnetcdf -L$(LIB_HDF5) -Wl,-rpath=$(LIB_HDF5) -lhdf5_fortran -lhdf5_hl -lhdf5 -lz -ltirpc -lmkl -lsz -lpioc
LIS_LIB_FLAGS   = -lesmf -lstdc++ -limf -lrt -leccodes_f90 -leccodes -ljasper -lnetcdff -lnetcdf -lhdf5_fortran -lhdf5_hl -lhdf5
LIS_LIB_PATHS   = -L$(LIB_ESMF) -L$(LIB_ECCODES) -L$(LIB_JPEG2000) -L$(LIB_NETCDF) -L$(LIB_HDF5)
